// Jest Snapshot v1, https://goo.gl/fbAQLP

exports[`AuthModal Component renders without crashing 1`] = `
<div
  class="ui page modals dimmer transition visible active"
>
  <div
    class="ui tiny modal transition visible active css-1by431y-StyledModal e1dd105m0"
    data-testid="login-modal"
  >
    <div
      class="header"
    >
      Welcome to Realm-o-Matic
    </div>
    <div
      class="content"
    >
      Please login with one of the following options before proceeding to the app.
    </div>
    <div
      class="ui buttons"
    >
      <a
        href="/login/github"
      >
        <button
          class="ui button"
          data-testid="github-login-button"
        >
          GitHub
        </button>
      </a>
      <div
        class="or"
      />
      <a
        href="/login/idir"
      >
        <button
          class="ui button"
          data-testid="idir-login-button"
        >
          IDIR
        </button>
      </a>
    </div>
  </div>
</div>
`;
