// Jest Snapshot v1, https://goo.gl/fbAQLP

exports[`Header Component renders without crashing 1`] = `
<div>
  <div
    class="ui top fixed css-12u87mu-StyledHeader em87vhj0 menu"
  >
    <div
      class="ui container"
    >
      <div
        class="item css-147fva8-StyledItem em87vhj1"
      >
        <img
          alt="logo"
          class="css-iuuabf-StyledImage em87vhj2"
          data-testid="gov-logo"
          src="bcgovlogo.svg"
        />
      </div>
      <div
        class="item css-147fva8-StyledItem em87vhj1"
      >
        <a
          class="css-1x7dbc2-TextCss"
          data-testid="app-name"
          href="/"
        >
          Realm-o-Matic
        </a>
      </div>
      <div
        class="right item css-147fva8-StyledItem em87vhj1"
      >
        <div
          aria-expanded="false"
          class="ui dropdown css-9rz85f-DropdownCss"
          data-testid="account-dropdown"
          role="listbox"
          tabindex="0"
        >
          <span>
            <i
              aria-hidden="true"
              class="user icon"
            />
             Account
          </span>
          <i
            aria-hidden="true"
            class="dropdown icon"
          />
          <div
            class="menu transition"
          >
            <div
              aria-checked="false"
              aria-disabled="true"
              aria-selected="false"
              class="disabled item"
              role="option"
              style="pointer-events: all;"
            >
              <span
                class="text"
              >
                Signed in as 
                <strong>
                  NONAME
                </strong>
              </span>
            </div>
            <a
              aria-checked="false"
              aria-selected="true"
              class="selected item"
              href="/home"
              role="option"
              style="pointer-events: all;"
            >
              <span
                class="text"
              >
                Requests
              </span>
            </a>
            <a
              aria-checked="false"
              aria-selected="false"
              class="item"
              href="/logout"
              role="option"
              style="pointer-events: all;"
            >
              <span
                class="text"
              >
                Sign Out
              </span>
            </a>
          </div>
        </div>
      </div>
    </div>
  </div>
</div>
`;
