// Jest Snapshot v1, https://goo.gl/fbAQLP

exports[`Home Component has link to create a new request 1`] = `
<div>
  <p>
    Welcome!
  </p>
  <a
    data-testid="new-request-button"
    href="/request"
  >
    <button
      class="ui button"
      data-testid="startRequest"
    >
      Start Request
    </button>
  </a>
  <p />
  <div
    class="ui list"
    role="list"
  />
</div>
`;
