// Jest Snapshot v1, https://goo.gl/fbAQLP

exports[`Layout Component renders without crashing 1`] = `
<div>
  <div
    class="css-as4n9w-StyledApp eqxrlrr0"
  >
    <div />
    <div
      class="ui container css-1vx3l9s-StyledContainer eqxrlrr1"
    >
      <div />
    </div>
    <div />
  </div>
</div>
`;
